// Jest Snapshot v1, https://goo.gl/fbAQLP

exports[`Text component should match to snapshot 1`] = `
.c0.h1 {
  font-size: 2.2rem;
  font-weight: 600;
}

.c0.h2 {
  font-size: 2rem;
  font-weight: 600;
}

.c0.h3 {
  font-size: 1.8rem;
  font-weight: 600;
}

.c0.h4 {
  font-size: 1.6rem;
  font-weight: 500;
}

.c0.h5 {
  font-size: 1.4rem;
  font-weight: 500;
}

.c0.h6 {
  font-size: 1.2rem;
  font-weight: 500;
}

.c0.p {
  line-height: 1.4;
}

.c0.sub {
  font-size: 0.8rem;
  opacity: 0.7;
}

<div>
  <span
    class="c0  span reset"
  />
</div>
`;
